

Microchip MPLAB XC8 Assembler V3.10 build 20250813170317 
                                                                                               Wed Mar 11 11:41:04 2026

Microchip MPLAB XC8 C Compiler v3.10 (Free license) build 20250813170317 Og1 
     1                           	processor	18F4580
     2                           	fnconf	rparam,??,?,0
     3                           	pagewidth 120
     4                           	opt	flic
     5                           	psect	idataCOMRAM,global,class=CODE,space=0,delta=1,noexec
     6                           	psect	cinit,global,reloc=2,class=CODE,space=0,delta=1
     7                           	psect	dataCOMRAM,global,class=COMRAM,space=1,delta=1,lowdata,noexec
     8                           	psect	cstackCOMRAM,global,class=COMRAM,space=1,delta=1,lowdata,noexec
     9                           	psect	text0,global,reloc=2,class=CODE,space=0,delta=1
    10                           	psect	text1,global,reloc=2,class=CODE,space=0,delta=1
    11                           	psect	smallconst,global,reloc=2,class=SMALLCONST,space=0,delta=1,noexec
    12                           	psect	intsave_regs,global,class=BIGRAM,space=1,delta=1,noexec
    13                           	psect	rparam,global,class=COMRAM,space=1,delta=1,noexec
    14   000000                     
    15                           ; Generated 17/01/2025 GMT
    16                           ; 
    17                           ; Copyright © 2025, Microchip Technology Inc. and its subsidiaries ("Microchip")
    18                           ; All rights reserved.
    19                           ; 
    20                           ; This software is developed by Microchip Technology Inc. and its subsidiaries ("Microch
      +                          ip").
    21                           ; 
    22                           ; Redistribution and use in source and binary forms, with or without modification, are
    23                           ; permitted provided that the following conditions are met:
    24                           ; 
    25                           ;     1. Redistributions of source code must retain the above copyright notice, this lis
      +                          t of
    26                           ;        conditions and the following disclaimer.
    27                           ; 
    28                           ;     2. Redistributions in binary form must reproduce the above copyright notice, this 
      +                          list
    29                           ;        of conditions and the following disclaimer in the documentation and/or other
    30                           ;        materials provided with the distribution. Publication is not required when
    31                           ;        this file is used in an embedded application.
    32                           ; 
    33                           ;     3. Microchip's name may not be used to endorse or promote products derived from th
      +                          is
    34                           ;        software without specific prior written permission.
    35                           ; 
    36                           ; THIS SOFTWARE IS PROVIDED BY MICROCHIP "AS IS" AND ANY EXPRESS OR IMPLIED WARRANTIES,
    37                           ; INCLUDING, BUT NOT LIMITED TO, THE IMPLIED WARRANTIES OF MERCHANTABILITY AND FITNESS F
      +                          OR
    38                           ; PURPOSE ARE DISCLAIMED.  IN NO EVENT SHALL MICROCHIP BE LIABLE FOR ANY DIRECT, INDIREC
      +                          T,
    39                           ; INCIDENTAL, SPECIAL, EXEMPLARY, OR CONSEQUENTIAL DAMAGES (INCLUDING BUT NOT LIMITED TO
    40                           ; PROCUREMENT OF SUBSTITUTE GOODS OR SERVICES; LOSS OF USE, DATA OR PROFITS; OR BUSINESS
    41                           ; INTERRUPTION) HOWSOEVER CAUSED AND ON ANY THEORY OF LIABILITY, WHETHER IN CONTRACT, ST
      +                          RICT
    42                           ; LIABILITY, OR TORT (INCLUDING NEGLIGENCE OR OTHERWISE) ARISING IN ANY WAY OUT OF THE U
      +                          SE OF
    43                           ; THIS SOFTWARE, EVEN IF ADVISED OF THE POSSIBILITY OF SUCH DAMAGE.
    44                           ; 
    45                           ; 
    46                           ; Code-generator required, PIC18F4580 Definitions
    47                           ; 
    48                           ; SFR Addresses
    49   000FE0                     bsr             equ	4064
    50   000FE9                     fsr0            equ	4073
    51   000FEA                     fsr0h           equ	4074
    52   000FE9                     fsr0l           equ	4073
    53   000FE1                     fsr1            equ	4065
    54   000FE2                     fsr1h           equ	4066
    55   000FE1                     fsr1l           equ	4065
    56   000FD9                     fsr2            equ	4057
    57   000FDA                     fsr2h           equ	4058
    58   000FD9                     fsr2l           equ	4057
    59   000FEF                     indf0           equ	4079
    60   000FE7                     indf1           equ	4071
    61   000FDF                     indf2           equ	4063
    62   000FF2                     intcon          equ	4082
    63   000000                     nvmcon          equ	0
    64   000FF9                     pcl             equ	4089
    65   000FFA                     pclath          equ	4090
    66   000FFB                     pclatu          equ	4091
    67   000FEB                     plusw0          equ	4075
    68   000FE3                     plusw1          equ	4067
    69   000FDB                     plusw2          equ	4059
    70   000FED                     postdec0        equ	4077
    71   000FE5                     postdec1        equ	4069
    72   000FDD                     postdec2        equ	4061
    73   000FEE                     postinc0        equ	4078
    74   000FE6                     postinc1        equ	4070
    75   000FDE                     postinc2        equ	4062
    76   000FEC                     preinc0         equ	4076
    77   000FE4                     preinc1         equ	4068
    78   000FDC                     preinc2         equ	4060
    79   000FF3                     prod            equ	4083
    80   000FF4                     prodh           equ	4084
    81   000FF3                     prodl           equ	4083
    82   000FD8                     status          equ	4056
    83   000FF5                     tablat          equ	4085
    84   000FF6                     tblptr          equ	4086
    85   000FF7                     tblptrh         equ	4087
    86   000FF6                     tblptrl         equ	4086
    87   000FF8                     tblptru         equ	4088
    88   000FFD                     tosl            equ	4093
    89   000FE8                     wreg            equ	4072
    90   000D60                     RXF6SIDH        equ	3424	;# 
    91   000D61                     RXF6SIDL        equ	3425	;# 
    92   000D62                     RXF6EIDH        equ	3426	;# 
    93   000D63                     RXF6EIDL        equ	3427	;# 
    94   000D64                     RXF7SIDH        equ	3428	;# 
    95   000D65                     RXF7SIDL        equ	3429	;# 
    96   000D66                     RXF7EIDH        equ	3430	;# 
    97   000D67                     RXF7EIDL        equ	3431	;# 
    98   000D68                     RXF8SIDH        equ	3432	;# 
    99   000D69                     RXF8SIDL        equ	3433	;# 
   100   000D6A                     RXF8EIDH        equ	3434	;# 
   101   000D6B                     RXF8EIDL        equ	3435	;# 
   102   000D70                     RXF9SIDH        equ	3440	;# 
   103   000D71                     RXF9SIDL        equ	3441	;# 
   104   000D72                     RXF9EIDH        equ	3442	;# 
   105   000D73                     RXF9EIDL        equ	3443	;# 
   106   000D74                     RXF10SIDH       equ	3444	;# 
   107   000D75                     RXF10SIDL       equ	3445	;# 
   108   000D76                     RXF10EIDH       equ	3446	;# 
   109   000D77                     RXF10EIDL       equ	3447	;# 
   110   000D78                     RXF11SIDH       equ	3448	;# 
   111   000D79                     RXF11SIDL       equ	3449	;# 
   112   000D7A                     RXF11EIDH       equ	3450	;# 
   113   000D7B                     RXF11EIDL       equ	3451	;# 
   114   000D80                     RXF12SIDH       equ	3456	;# 
   115   000D81                     RXF12SIDL       equ	3457	;# 
   116   000D82                     RXF12EIDH       equ	3458	;# 
   117   000D83                     RXF12EIDL       equ	3459	;# 
   118   000D84                     RXF13SIDH       equ	3460	;# 
   119   000D85                     RXF13SIDL       equ	3461	;# 
   120   000D86                     RXF13EIDH       equ	3462	;# 
   121   000D87                     RXF13EIDL       equ	3463	;# 
   122   000D88                     RXF14SIDH       equ	3464	;# 
   123   000D89                     RXF14SIDL       equ	3465	;# 
   124   000D8A                     RXF14EIDH       equ	3466	;# 
   125   000D8B                     RXF14EIDL       equ	3467	;# 
   126   000D90                     RXF15SIDH       equ	3472	;# 
   127   000D91                     RXF15SIDL       equ	3473	;# 
   128   000D92                     RXF15EIDH       equ	3474	;# 
   129   000D93                     RXF15EIDL       equ	3475	;# 
   130   000DD4                     RXFCON0         equ	3540	;# 
   131   000DD5                     RXFCON1         equ	3541	;# 
   132   000DD8                     SDFLC           equ	3544	;# 
   133   000DE0                     RXFBCON0        equ	3552	;# 
   134   000DE1                     RXFBCON1        equ	3553	;# 
   135   000DE2                     RXFBCON2        equ	3554	;# 
   136   000DE3                     RXFBCON3        equ	3555	;# 
   137   000DE4                     RXFBCON4        equ	3556	;# 
   138   000DE5                     RXFBCON5        equ	3557	;# 
   139   000DE6                     RXFBCON6        equ	3558	;# 
   140   000DE7                     RXFBCON7        equ	3559	;# 
   141   000DF0                     MSEL0           equ	3568	;# 
   142   000DF1                     MSEL1           equ	3569	;# 
   143   000DF2                     MSEL2           equ	3570	;# 
   144   000DF3                     MSEL3           equ	3571	;# 
   145   000DF8                     BSEL0           equ	3576	;# 
   146   000DFA                     BIE0            equ	3578	;# 
   147   000DFC                     TXBIE           equ	3580	;# 
   148   000E20                     B0CON           equ	3616	;# 
   149   000E21                     B0SIDH          equ	3617	;# 
   150   000E22                     B0SIDL          equ	3618	;# 
   151   000E23                     B0EIDH          equ	3619	;# 
   152   000E24                     B0EIDL          equ	3620	;# 
   153   000E25                     B0DLC           equ	3621	;# 
   154   000E26                     B0D0            equ	3622	;# 
   155   000E27                     B0D1            equ	3623	;# 
   156   000E28                     B0D2            equ	3624	;# 
   157   000E29                     B0D3            equ	3625	;# 
   158   000E2A                     B0D4            equ	3626	;# 
   159   000E2B                     B0D5            equ	3627	;# 
   160   000E2C                     B0D6            equ	3628	;# 
   161   000E2D                     B0D7            equ	3629	;# 
   162   000E2E                     CANSTAT_RO9     equ	3630	;# 
   163   000E2F                     CANCON_RO9      equ	3631	;# 
   164   000E30                     B1CON           equ	3632	;# 
   165   000E31                     B1SIDH          equ	3633	;# 
   166   000E32                     B1SIDL          equ	3634	;# 
   167   000E33                     B1EIDH          equ	3635	;# 
   168   000E34                     B1EIDL          equ	3636	;# 
   169   000E35                     B1DLC           equ	3637	;# 
   170   000E36                     B1D0            equ	3638	;# 
   171   000E37                     B1D1            equ	3639	;# 
   172   000E38                     B1D2            equ	3640	;# 
   173   000E39                     B1D3            equ	3641	;# 
   174   000E3A                     B1D4            equ	3642	;# 
   175   000E3B                     B1D5            equ	3643	;# 
   176   000E3C                     B1D6            equ	3644	;# 
   177   000E3D                     B1D7            equ	3645	;# 
   178   000E3E                     CANSTAT_RO8     equ	3646	;# 
   179   000E3F                     CANCON_RO8      equ	3647	;# 
   180   000E40                     B2CON           equ	3648	;# 
   181   000E41                     B2SIDH          equ	3649	;# 
   182   000E42                     B2SIDL          equ	3650	;# 
   183   000E43                     B2EIDH          equ	3651	;# 
   184   000E44                     B2EIDL          equ	3652	;# 
   185   000E45                     B2DLC           equ	3653	;# 
   186   000E46                     B2D0            equ	3654	;# 
   187   000E47                     B2D1            equ	3655	;# 
   188   000E48                     B2D2            equ	3656	;# 
   189   000E49                     B2D3            equ	3657	;# 
   190   000E4A                     B2D4            equ	3658	;# 
   191   000E4B                     B2D5            equ	3659	;# 
   192   000E4C                     B2D6            equ	3660	;# 
   193   000E4D                     B2D7            equ	3661	;# 
   194   000E4E                     CANSTAT_RO7     equ	3662	;# 
   195   000E4F                     CANCON_RO7      equ	3663	;# 
   196   000E50                     B3CON           equ	3664	;# 
   197   000E51                     B3SIDH          equ	3665	;# 
   198   000E52                     B3SIDL          equ	3666	;# 
   199   000E53                     B3EIDH          equ	3667	;# 
   200   000E54                     B3EIDL          equ	3668	;# 
   201   000E55                     B3DLC           equ	3669	;# 
   202   000E56                     B3D0            equ	3670	;# 
   203   000E57                     B3D1            equ	3671	;# 
   204   000E58                     B3D2            equ	3672	;# 
   205   000E59                     B3D3            equ	3673	;# 
   206   000E5A                     B3D4            equ	3674	;# 
   207   000E5B                     B3D5            equ	3675	;# 
   208   000E5C                     B3D6            equ	3676	;# 
   209   000E5D                     B3D7            equ	3677	;# 
   210   000E5E                     CANSTAT_RO6     equ	3678	;# 
   211   000E5F                     CANCON_RO6      equ	3679	;# 
   212   000E60                     B4CON           equ	3680	;# 
   213   000E61                     B4SIDH          equ	3681	;# 
   214   000E62                     B4SIDL          equ	3682	;# 
   215   000E63                     B4EIDH          equ	3683	;# 
   216   000E64                     B4EIDL          equ	3684	;# 
   217   000E65                     B4DLC           equ	3685	;# 
   218   000E66                     B4D0            equ	3686	;# 
   219   000E67                     B4D1            equ	3687	;# 
   220   000E68                     B4D2            equ	3688	;# 
   221   000E69                     B4D3            equ	3689	;# 
   222   000E6A                     B4D4            equ	3690	;# 
   223   000E6B                     B4D5            equ	3691	;# 
   224   000E6C                     B4D6            equ	3692	;# 
   225   000E6D                     B4D7            equ	3693	;# 
   226   000E6E                     CANSTAT_RO5     equ	3694	;# 
   227   000E6F                     CANCON_RO5      equ	3695	;# 
   228   000E70                     B5CON           equ	3696	;# 
   229   000E71                     B5SIDH          equ	3697	;# 
   230   000E72                     B5SIDL          equ	3698	;# 
   231   000E73                     B5EIDH          equ	3699	;# 
   232   000E74                     B5EIDL          equ	3700	;# 
   233   000E75                     B5DLC           equ	3701	;# 
   234   000E76                     B5D0            equ	3702	;# 
   235   000E77                     B5D1            equ	3703	;# 
   236   000E78                     B5D2            equ	3704	;# 
   237   000E79                     B5D3            equ	3705	;# 
   238   000E7A                     B5D4            equ	3706	;# 
   239   000E7B                     B5D5            equ	3707	;# 
   240   000E7C                     B5D6            equ	3708	;# 
   241   000E7D                     B5D7            equ	3709	;# 
   242   000E7E                     CANSTAT_RO4     equ	3710	;# 
   243   000E7F                     CANCON_RO4      equ	3711	;# 
   244   000F00                     RXF0SIDH        equ	3840	;# 
   245   000F01                     RXF0SIDL        equ	3841	;# 
   246   000F02                     RXF0EIDH        equ	3842	;# 
   247   000F03                     RXF0EIDL        equ	3843	;# 
   248   000F04                     RXF1SIDH        equ	3844	;# 
   249   000F05                     RXF1SIDL        equ	3845	;# 
   250   000F06                     RXF1EIDH        equ	3846	;# 
   251   000F07                     RXF1EIDL        equ	3847	;# 
   252   000F08                     RXF2SIDH        equ	3848	;# 
   253   000F09                     RXF2SIDL        equ	3849	;# 
   254   000F0A                     RXF2EIDH        equ	3850	;# 
   255   000F0B                     RXF2EIDL        equ	3851	;# 
   256   000F0C                     RXF3SIDH        equ	3852	;# 
   257   000F0D                     RXF3SIDL        equ	3853	;# 
   258   000F0E                     RXF3EIDH        equ	3854	;# 
   259   000F0F                     RXF3EIDL        equ	3855	;# 
   260   000F10                     RXF4SIDH        equ	3856	;# 
   261   000F11                     RXF4SIDL        equ	3857	;# 
   262   000F12                     RXF4EIDH        equ	3858	;# 
   263   000F13                     RXF4EIDL        equ	3859	;# 
   264   000F14                     RXF5SIDH        equ	3860	;# 
   265   000F15                     RXF5SIDL        equ	3861	;# 
   266   000F16                     RXF5EIDH        equ	3862	;# 
   267   000F17                     RXF5EIDL        equ	3863	;# 
   268   000F18                     RXM0SIDH        equ	3864	;# 
   269   000F19                     RXM0SIDL        equ	3865	;# 
   270   000F1A                     RXM0EIDH        equ	3866	;# 
   271   000F1B                     RXM0EIDL        equ	3867	;# 
   272   000F1C                     RXM1SIDH        equ	3868	;# 
   273   000F1D                     RXM1SIDL        equ	3869	;# 
   274   000F1E                     RXM1EIDH        equ	3870	;# 
   275   000F1F                     RXM1EIDL        equ	3871	;# 
   276   000F20                     TXB2CON         equ	3872	;# 
   277   000F21                     TXB2SIDH        equ	3873	;# 
   278   000F22                     TXB2SIDL        equ	3874	;# 
   279   000F23                     TXB2EIDH        equ	3875	;# 
   280   000F24                     TXB2EIDL        equ	3876	;# 
   281   000F25                     TXB2DLC         equ	3877	;# 
   282   000F26                     TXB2D0          equ	3878	;# 
   283   000F27                     TXB2D1          equ	3879	;# 
   284   000F28                     TXB2D2          equ	3880	;# 
   285   000F29                     TXB2D3          equ	3881	;# 
   286   000F2A                     TXB2D4          equ	3882	;# 
   287   000F2B                     TXB2D5          equ	3883	;# 
   288   000F2C                     TXB2D6          equ	3884	;# 
   289   000F2D                     TXB2D7          equ	3885	;# 
   290   000F2E                     CANSTAT_RO3     equ	3886	;# 
   291   000F2F                     CANCON_RO3      equ	3887	;# 
   292   000F30                     TXB1CON         equ	3888	;# 
   293   000F31                     TXB1SIDH        equ	3889	;# 
   294   000F32                     TXB1SIDL        equ	3890	;# 
   295   000F33                     TXB1EIDH        equ	3891	;# 
   296   000F34                     TXB1EIDL        equ	3892	;# 
   297   000F35                     TXB1DLC         equ	3893	;# 
   298   000F36                     TXB1D0          equ	3894	;# 
   299   000F37                     TXB1D1          equ	3895	;# 
   300   000F38                     TXB1D2          equ	3896	;# 
   301   000F39                     TXB1D3          equ	3897	;# 
   302   000F3A                     TXB1D4          equ	3898	;# 
   303   000F3B                     TXB1D5          equ	3899	;# 
   304   000F3C                     TXB1D6          equ	3900	;# 
   305   000F3D                     TXB1D7          equ	3901	;# 
   306   000F3E                     CANSTAT_RO2     equ	3902	;# 
   307   000F3F                     CANCON_RO2      equ	3903	;# 
   308   000F40                     TXB0CON         equ	3904	;# 
   309   000F41                     TXB0SIDH        equ	3905	;# 
   310   000F42                     TXB0SIDL        equ	3906	;# 
   311   000F43                     TXB0EIDH        equ	3907	;# 
   312   000F44                     TXB0EIDL        equ	3908	;# 
   313   000F45                     TXB0DLC         equ	3909	;# 
   314   000F46                     TXB0D0          equ	3910	;# 
   315   000F47                     TXB0D1          equ	3911	;# 
   316   000F48                     TXB0D2          equ	3912	;# 
   317   000F49                     TXB0D3          equ	3913	;# 
   318   000F4A                     TXB0D4          equ	3914	;# 
   319   000F4B                     TXB0D5          equ	3915	;# 
   320   000F4C                     TXB0D6          equ	3916	;# 
   321   000F4D                     TXB0D7          equ	3917	;# 
   322   000F4E                     CANSTAT_RO1     equ	3918	;# 
   323   000F4F                     CANCON_RO1      equ	3919	;# 
   324   000F50                     RXB1CON         equ	3920	;# 
   325   000F51                     RXB1SIDH        equ	3921	;# 
   326   000F52                     RXB1SIDL        equ	3922	;# 
   327   000F53                     RXB1EIDH        equ	3923	;# 
   328   000F54                     RXB1EIDL        equ	3924	;# 
   329   000F55                     RXB1DLC         equ	3925	;# 
   330   000F56                     RXB1D0          equ	3926	;# 
   331   000F57                     RXB1D1          equ	3927	;# 
   332   000F58                     RXB1D2          equ	3928	;# 
   333   000F59                     RXB1D3          equ	3929	;# 
   334   000F5A                     RXB1D4          equ	3930	;# 
   335   000F5B                     RXB1D5          equ	3931	;# 
   336   000F5C                     RXB1D6          equ	3932	;# 
   337   000F5D                     RXB1D7          equ	3933	;# 
   338   000F5E                     CANSTAT_RO0     equ	3934	;# 
   339   000F5F                     CANCON_RO0      equ	3935	;# 
   340   000F60                     RXB0CON         equ	3936	;# 
   341   000F61                     RXB0SIDH        equ	3937	;# 
   342   000F62                     RXB0SIDL        equ	3938	;# 
   343   000F63                     RXB0EIDH        equ	3939	;# 
   344   000F64                     RXB0EIDL        equ	3940	;# 
   345   000F65                     RXB0DLC         equ	3941	;# 
   346   000F66                     RXB0D0          equ	3942	;# 
   347   000F67                     RXB0D1          equ	3943	;# 
   348   000F68                     RXB0D2          equ	3944	;# 
   349   000F69                     RXB0D3          equ	3945	;# 
   350   000F6A                     RXB0D4          equ	3946	;# 
   351   000F6B                     RXB0D5          equ	3947	;# 
   352   000F6C                     RXB0D6          equ	3948	;# 
   353   000F6D                     RXB0D7          equ	3949	;# 
   354   000F6E                     CANSTAT         equ	3950	;# 
   355   000F6F                     CANCON          equ	3951	;# 
   356   000F70                     BRGCON1         equ	3952	;# 
   357   000F71                     BRGCON2         equ	3953	;# 
   358   000F72                     BRGCON3         equ	3954	;# 
   359   000F73                     CIOCON          equ	3955	;# 
   360   000F74                     COMSTAT         equ	3956	;# 
   361   000F75                     RXERRCNT        equ	3957	;# 
   362   000F76                     TXERRCNT        equ	3958	;# 
   363   000F77                     ECANCON         equ	3959	;# 
   364   000F80                     PORTA           equ	3968	;# 
   365   000F81                     PORTB           equ	3969	;# 
   366   000F82                     PORTC           equ	3970	;# 
   367   000F83                     PORTD           equ	3971	;# 
   368   000F84                     PORTE           equ	3972	;# 
   369   000F89                     LATA            equ	3977	;# 
   370   000F8A                     LATB            equ	3978	;# 
   371   000F8B                     LATC            equ	3979	;# 
   372   000F8C                     LATD            equ	3980	;# 
   373   000F8D                     LATE            equ	3981	;# 
   374   000F92                     TRISA           equ	3986	;# 
   375   000F92                     DDRA            equ	3986	;# 
   376   000F93                     TRISB           equ	3987	;# 
   377   000F93                     DDRB            equ	3987	;# 
   378   000F94                     TRISC           equ	3988	;# 
   379   000F94                     DDRC            equ	3988	;# 
   380   000F95                     TRISD           equ	3989	;# 
   381   000F95                     DDRD            equ	3989	;# 
   382   000F96                     TRISE           equ	3990	;# 
   383   000F96                     DDRE            equ	3990	;# 
   384   000F9B                     OSCTUNE         equ	3995	;# 
   385   000F9D                     PIE1            equ	3997	;# 
   386   000F9E                     PIR1            equ	3998	;# 
   387   000F9F                     IPR1            equ	3999	;# 
   388   000FA0                     PIE2            equ	4000	;# 
   389   000FA1                     PIR2            equ	4001	;# 
   390   000FA2                     IPR2            equ	4002	;# 
   391   000FA3                     PIE3            equ	4003	;# 
   392   000FA4                     PIR3            equ	4004	;# 
   393   000FA5                     IPR3            equ	4005	;# 
   394   000FA6                     EECON1          equ	4006	;# 
   395   000FA7                     EECON2          equ	4007	;# 
   396   000FA8                     EEDATA          equ	4008	;# 
   397   000FA9                     EEADR           equ	4009	;# 
   398   000FAB                     RCSTA           equ	4011	;# 
   399   000FAB                     RCSTA1          equ	4011	;# 
   400   000FAC                     TXSTA           equ	4012	;# 
   401   000FAC                     TXSTA1          equ	4012	;# 
   402   000FAD                     TXREG           equ	4013	;# 
   403   000FAD                     TXREG1          equ	4013	;# 
   404   000FAE                     RCREG           equ	4014	;# 
   405   000FAE                     RCREG1          equ	4014	;# 
   406   000FAF                     SPBRG           equ	4015	;# 
   407   000FAF                     SPBRG1          equ	4015	;# 
   408   000FB0                     SPBRGH          equ	4016	;# 
   409   000FB1                     T3CON           equ	4017	;# 
   410   000FB2                     TMR3            equ	4018	;# 
   411   000FB2                     TMR3L           equ	4018	;# 
   412   000FB3                     TMR3H           equ	4019	;# 
   413   000FB4                     CMCON           equ	4020	;# 
   414   000FB5                     CVRCON          equ	4021	;# 
   415   000FB6                     ECCP1AS         equ	4022	;# 
   416   000FB7                     ECCP1DEL        equ	4023	;# 
   417   000FB8                     BAUDCON         equ	4024	;# 
   418   000FB8                     BAUDCTL         equ	4024	;# 
   419   000FBA                     ECCP1CON        equ	4026	;# 
   420   000FBB                     ECCPR1          equ	4027	;# 
   421   000FBB                     ECCPR1L         equ	4027	;# 
   422   000FBC                     ECCPR1H         equ	4028	;# 
   423   000FBD                     CCP1CON         equ	4029	;# 
   424   000FBE                     CCPR1           equ	4030	;# 
   425   000FBE                     CCPR1L          equ	4030	;# 
   426   000FBF                     CCPR1H          equ	4031	;# 
   427   000FC0                     ADCON2          equ	4032	;# 
   428   000FC1                     ADCON1          equ	4033	;# 
   429   000FC2                     ADCON0          equ	4034	;# 
   430   000FC3                     ADRES           equ	4035	;# 
   431   000FC3                     ADRESL          equ	4035	;# 
   432   000FC4                     ADRESH          equ	4036	;# 
   433   000FC5                     SSPCON2         equ	4037	;# 
   434   000FC6                     SSPCON1         equ	4038	;# 
   435   000FC7                     SSPSTAT         equ	4039	;# 
   436   000FC8                     SSPADD          equ	4040	;# 
   437   000FC9                     SSPBUF          equ	4041	;# 
   438   000FCA                     T2CON           equ	4042	;# 
   439   000FCB                     PR2             equ	4043	;# 
   440   000FCB                     MEMCON          equ	4043	;# 
   441   000FCC                     TMR2            equ	4044	;# 
   442   000FCD                     T1CON           equ	4045	;# 
   443   000FCE                     TMR1            equ	4046	;# 
   444   000FCE                     TMR1L           equ	4046	;# 
   445   000FCF                     TMR1H           equ	4047	;# 
   446   000FD0                     RCON            equ	4048	;# 
   447   000FD1                     WDTCON          equ	4049	;# 
   448   000FD2                     HLVDCON         equ	4050	;# 
   449   000FD2                     LVDCON          equ	4050	;# 
   450   000FD3                     OSCCON          equ	4051	;# 
   451   000FD5                     T0CON           equ	4053	;# 
   452   000FD6                     TMR0            equ	4054	;# 
   453   000FD6                     TMR0L           equ	4054	;# 
   454   000FD7                     TMR0H           equ	4055	;# 
   455   000FD8                     STATUS          equ	4056	;# 
   456   000FD9                     FSR2            equ	4057	;# 
   457   000FD9                     FSR2L           equ	4057	;# 
   458   000FDA                     FSR2H           equ	4058	;# 
   459   000FDB                     PLUSW2          equ	4059	;# 
   460   000FDC                     PREINC2         equ	4060	;# 
   461   000FDD                     POSTDEC2        equ	4061	;# 
   462   000FDE                     POSTINC2        equ	4062	;# 
   463   000FDF                     INDF2           equ	4063	;# 
   464   000FE0                     BSR             equ	4064	;# 
   465   000FE1                     FSR1            equ	4065	;# 
   466   000FE1                     FSR1L           equ	4065	;# 
   467   000FE2                     FSR1H           equ	4066	;# 
   468   000FE3                     PLUSW1          equ	4067	;# 
   469   000FE4                     PREINC1         equ	4068	;# 
   470   000FE5                     POSTDEC1        equ	4069	;# 
   471   000FE6                     POSTINC1        equ	4070	;# 
   472   000FE7                     INDF1           equ	4071	;# 
   473   000FE8                     WREG            equ	4072	;# 
   474   000FE9                     FSR0            equ	4073	;# 
   475   000FE9                     FSR0L           equ	4073	;# 
   476   000FEA                     FSR0H           equ	4074	;# 
   477   000FEB                     PLUSW0          equ	4075	;# 
   478   000FEC                     PREINC0         equ	4076	;# 
   479   000FED                     POSTDEC0        equ	4077	;# 
   480   000FEE                     POSTINC0        equ	4078	;# 
   481   000FEF                     INDF0           equ	4079	;# 
   482   000FF0                     INTCON3         equ	4080	;# 
   483   000FF1                     INTCON2         equ	4081	;# 
   484   000FF2                     INTCON          equ	4082	;# 
   485   000FF3                     PROD            equ	4083	;# 
   486   000FF3                     PRODL           equ	4083	;# 
   487   000FF4                     PRODH           equ	4084	;# 
   488   000FF5                     TABLAT          equ	4085	;# 
   489   000FF6                     TBLPTR          equ	4086	;# 
   490   000FF6                     TBLPTRL         equ	4086	;# 
   491   000FF7                     TBLPTRH         equ	4087	;# 
   492   000FF8                     TBLPTRU         equ	4088	;# 
   493   000FF9                     PCLAT           equ	4089	;# 
   494   000FF9                     PC              equ	4089	;# 
   495   000FF9                     PCL             equ	4089	;# 
   496   000FFA                     PCLATH          equ	4090	;# 
   497   000FFB                     PCLATU          equ	4091	;# 
   498   000FFC                     STKPTR          equ	4092	;# 
   499   000FFD                     TOS             equ	4093	;# 
   500   000FFD                     TOSL            equ	4093	;# 
   501   000FFE                     TOSH            equ	4094	;# 
   502   000FFF                     TOSU            equ	4095	;# 
   503                           
   504                           	psect	idataCOMRAM
   505   0006DE                     __pidataCOMRAM:
   506                           	callstack 0
   507                           
   508                           ;initializer for main@F10931
   509   0006DE  E7                 	db	231
   510   0006DF  21                 	db	33
   511   0006E0  CB                 	db	203
   512   0006E1  6B                 	db	107
   513   0006E2  2D                 	db	45
   514   0006E3  6E                 	db	110
   515   0006E4  EE                 	db	238
   516   0006E5  23                 	db	35
   517   0006E6  EF                 	db	239
   518   0006E7  2F                 	db	47
   519   000F92                     _TRISA          set	3986
   520   000F95                     _TRISD          set	3989
   521   000F80                     _PORTA          set	3968
   522   000F83                     _PORTD          set	3971
   523                           
   524                           ; #config settings
   525                           
   526                           	psect	cinit
   527   0006B8                     __pcinit:
   528                           	callstack 0
   529   0006B8                     start_initialization:
   530                           	callstack 0
   531   0006B8                     __initialization:
   532                           	callstack 0
   533                           
   534                           ; Initialize objects allocated to COMRAM (10 bytes)
   535                           ; load TBLPTR registers with __pidataCOMRAM
   536   0006B8  0EDE               	movlw	low __pidataCOMRAM
   537   0006BA  6EF6               	movwf	tblptrl,c
   538   0006BC  0E06               	movlw	high __pidataCOMRAM
   539   0006BE  6EF7               	movwf	tblptrh,c
   540   0006C0  0E00               	movlw	low (__pidataCOMRAM shr (0+16))
   541   0006C2  6EF8               	movwf	tblptru,c
   542   0006C4  EE00  F01A         	lfsr	0,__pdataCOMRAM
   543   0006C8  EE10 F00A          	lfsr	1,10
   544   0006CC                     copy_data0:
   545   0006CC  0009               	tblrd		*+
   546   0006CE  CFF5 FFEE          	movff	tablat,postinc0
   547   0006D2  50E5               	movf	postdec1,w,c
   548   0006D4  50E1               	movf	fsr1l,w,c
   549   0006D6  E1FA               	bnz	copy_data0
   550   0006D8                     end_of_initialization:
   551                           	callstack 0
   552   0006D8                     __end_of__initialization:
   553                           	callstack 0
   554   0006D8  0100               	movlb	0
   555   0006DA  EF3C  F003         	goto	_main	;jump to C main() function
   556                           
   557                           	psect	dataCOMRAM
   558   00001A                     __pdataCOMRAM:
   559                           	callstack 0
   560   00001A                     main@F10931:
   561                           	callstack 0
   562   00001A                     	ds	10
   563                           
   564                           	psect	cstackCOMRAM
   565   000001                     __pcstackCOMRAM:
   566                           	callstack 0
   567   000001                     display@data:
   568                           	callstack 0
   569                           
   570                           ; 1 bytes @ 0x0
   571   000001                     	ds	1
   572   000002                     ??_display:
   573                           
   574                           ; 1 bytes @ 0x1
   575   000002                     	ds	2
   576   000004                     display@delay:
   577                           	callstack 0
   578                           
   579                           ; 2 bytes @ 0x3
   580   000004                     	ds	2
   581   000006                     display@digit:
   582                           	callstack 0
   583                           
   584                           ; 2 bytes @ 0x5
   585   000006                     	ds	2
   586   000008                     
   587                           ; 2 bytes @ 0x7
   588   000008                     	ds	2
   589   00000A                     
   590                           ; 2 bytes @ 0x9
   591   00000A                     	ds	2
   592   00000C                     main@digit:
   593                           	callstack 0
   594   00000C                     
   595                           ; 1 bytes @ 0xB
   596   00000C                     	ds	10
   597   000016                     main@ssd:
   598                           	callstack 0
   599                           
   600                           ; 4 bytes @ 0x15
   601   000016                     	ds	4
   602                           
   603 ;;
   604 ;;Main: autosize = 0, tempsize = 0, incstack = 0, save=0
   605 ;;
   606 ;; *************** function _main *****************
   607 ;; Defined at:
   608 ;;		line 23 in file "newmain.c"
   609 ;; Parameters:    Size  Location     Type
   610 ;;  argc            2    7[COMRAM] int 
   611 ;;  argv            2    9[COMRAM] PTR PTR unsigned char 
   612 ;; Auto vars:     Size  Location     Type
   613 ;;  digit          10   11[COMRAM] unsigned char [10]
   614 ;;  ssd             4   21[COMRAM] unsigned char [4]
   615 ;; Return value:  Size  Location     Type
   616 ;;                  1    wreg      void 
   617 ;; Registers used:
   618 ;;		wreg, fsr1l, fsr1h, fsr2l, fsr2h, status,2, status,0, cstack
   619 ;; Tracked objects:
   620 ;;		On entry : 0/0
   621 ;;		On exit  : 0/0
   622 ;;		Unchanged: 0/0
   623 ;; Data sizes:     COMRAM   BANK0   BANK1   BANK2   BANK3   BANK4   BANK5
   624 ;;      Params:         4       0       0       0       0       0       0
   625 ;;      Locals:        14       0       0       0       0       0       0
   626 ;;      Temps:          0       0       0       0       0       0       0
   627 ;;      Totals:        18       0       0       0       0       0       0
   628 ;;Total ram usage:       18 bytes
   629 ;; Hardware stack levels required when called: 1
   630 ;; This function calls:
   631 ;;		_display
   632 ;; This function is called by:
   633 ;;		Startup code after reset
   634 ;; This function uses a non-reentrant model
   635 ;;
   636                           
   637                           	psect	text0
   638   000678                     __ptext0:
   639                           	callstack 0
   640   000678                     _main:
   641                           	callstack 30
   642   000678                     
   643                           ;newmain.c: 25:     unsigned char digit[] = {0xE7,0x21,0xCB,0x6B,0x2D,0x6E,0xEE,0x23,0xE
      +                          F,0x2F};
   644   000678  EE20  F01A         	lfsr	2,main@F10931
   645   00067C  EE10  F00C         	lfsr	1,main@digit
   646   000680  0E09               	movlw	9
   647   000682                     u81:
   648   000682  CFDB FFE3          	movff	plusw2,plusw1
   649   000686  06E8               	decf	wreg,f,c
   650   000688  E2FC               	bc	u81
   651   00068A                     
   652                           ;newmain.c: 27:     unsigned char ssd[4];;newmain.c: 29:     TRISD = 0x00;
   653   00068A  6A95               	clrf	149,c	;volatile
   654   00068C                     
   655                           ;newmain.c: 30:     TRISA = TRISA & 0xF0;
   656   00068C  5092               	movf	146,w,c	;volatile
   657   00068E  0BF0               	andlw	240
   658   000690  6E92               	movwf	146,c	;volatile
   659   000692                     
   660                           ;newmain.c: 31:     PORTA = PORTA & 0xF0;
   661   000692  5080               	movf	128,w,c	;volatile
   662   000694  0BF0               	andlw	240
   663   000696  6E80               	movwf	128,c	;volatile
   664   000698                     l874:
   665                           
   666                           ;newmain.c: 35:         ssd[0] = digit[0];
   667   000698  C00C  F016         	movff	main@digit,main@ssd
   668   00069C                     
   669                           ;newmain.c: 36:         ssd[1] = digit[1];
   670   00069C  C00D  F017         	movff	main@digit+1,main@ssd+1
   671   0006A0                     
   672                           ;newmain.c: 37:         ssd[2] = digit[2];
   673   0006A0  C00E  F018         	movff	main@digit+2,main@ssd+2
   674   0006A4                     
   675                           ;newmain.c: 38:         ssd[3] = digit[3];
   676   0006A4  C00F  F019         	movff	main@digit+3,main@ssd+3
   677   0006A8                     
   678                           ;newmain.c: 41:         display(ssd);
   679   0006A8  0E16               	movlw	low main@ssd
   680   0006AA  6E01               	movwf	display@data^0,c
   681   0006AC  EC01  F003         	call	_display	;wreg free
   682   0006B0  EF4C  F003         	goto	l874
   683   0006B4  EFFE  F017         	goto	start
   684   0006B8                     __end_of_main:
   685                           	callstack 0
   686                           
   687 ;; *************** function _display *****************
   688 ;; Defined at:
   689 ;;		line 6 in file "newmain.c"
   690 ;; Parameters:    Size  Location     Type
   691 ;;  data            1    0[COMRAM] PTR unsigned char 
   692 ;;		 -> main@ssd(4), 
   693 ;; Auto vars:     Size  Location     Type
   694 ;;  delay           2    3[COMRAM] unsigned int 
   695 ;;  digit           2    5[COMRAM] int 
   696 ;; Return value:  Size  Location     Type
   697 ;;                  1    wreg      void 
   698 ;; Registers used:
   699 ;;		wreg, fsr2l, fsr2h, status,2, status,0
   700 ;; Tracked objects:
   701 ;;		On entry : 0/0
   702 ;;		On exit  : 0/0
   703 ;;		Unchanged: 0/0
   704 ;; Data sizes:     COMRAM   BANK0   BANK1   BANK2   BANK3   BANK4   BANK5
   705 ;;      Params:         1       0       0       0       0       0       0
   706 ;;      Locals:         4       0       0       0       0       0       0
   707 ;;      Temps:          2       0       0       0       0       0       0
   708 ;;      Totals:         7       0       0       0       0       0       0
   709 ;;Total ram usage:        7 bytes
   710 ;; Hardware stack levels used: 1
   711 ;; This function calls:
   712 ;;		Nothing
   713 ;; This function is called by:
   714 ;;		_main
   715 ;; This function uses a non-reentrant model
   716 ;;
   717                           
   718                           	psect	text1
   719   000602                     __ptext1:
   720                           	callstack 0
   721   000602                     _display:
   722                           	callstack 30
   723   000602                     
   724                           ;newmain.c: 8:     for ( int digit = 0 ; digit < 4 ; digit++ ) {
   725   000602  6A07               	clrf	(display@digit+1)^0,c
   726   000604  0E00               	movlw	0
   727   000606  6E06               	movwf	display@digit^0,c
   728   000608                     l854:
   729                           
   730                           ;newmain.c: 10:         PORTD = data[digit];
   731   000608  5001               	movf	display@data^0,w,c
   732   00060A  2406               	addwf	display@digit^0,w,c
   733   00060C  6ED9               	movwf	fsr2l,c
   734   00060E  6ADA               	clrf	fsr2h,c
   735   000610  50DF               	movf	indf2,w,c
   736   000612  6E83               	movwf	131,c	;volatile
   737   000614                     
   738                           ;newmain.c: 12:         PORTA = ( PORTA & 0x0F ) | ( 1 << digit );
   739   000614  C006  F002         	movff	display@digit,??_display
   740   000618  0E01               	movlw	1
   741   00061A  6E03               	movwf	(??_display+1)^0,c
   742   00061C  2A02               	incf	??_display^0,f,c
   743   00061E  EF13  F003         	goto	u54
   744   000622                     u55:
   745   000622  90D8               	bcf	status,0,c
   746   000624  3603               	rlcf	(??_display+1)^0,f,c
   747   000626                     u54:
   748   000626  2E02               	decfsz	??_display^0,f,c
   749   000628  EF11  F003         	goto	u55
   750   00062C  5080               	movf	128,w,c	;volatile
   751   00062E  0B0F               	andlw	15
   752   000630  1003               	iorwf	(??_display+1)^0,w,c
   753   000632  6E80               	movwf	128,c	;volatile
   754   000634                     
   755                           ;newmain.c: 14:         for (unsigned int delay = 500; delay--; );
   756   000634  0E01               	movlw	1
   757   000636  6E05               	movwf	(display@delay+1)^0,c
   758   000638  0EF4               	movlw	244
   759   00063A  6E04               	movwf	display@delay^0,c
   760   00063C                     l860:
   761   00063C  0604               	decf	display@delay^0,f,c
   762   00063E  A0D8               	btfss	status,0,c
   763   000640  0605               	decf	(display@delay+1)^0,f,c
   764   000642  2804               	incf	display@delay^0,w,c
   765   000644  E106               	bnz	u61
   766   000646  2805               	incf	(display@delay+1)^0,w,c
   767   000648  A4D8               	btfss	status,2,c
   768   00064A  EF29  F003         	goto	u61
   769   00064E  EF2B  F003         	goto	u60
   770   000652                     u61:
   771   000652  EF1E  F003         	goto	l860
   772   000656                     u60:
   773   000656                     
   774                           ;newmain.c: 15:     }
   775   000656  4A06               	infsnz	display@digit^0,f,c
   776   000658  2A07               	incf	(display@digit+1)^0,f,c
   777   00065A  BE07               	btfsc	(display@digit+1)^0,7,c
   778   00065C  EF39  F003         	goto	u71
   779   000660  5007               	movf	(display@digit+1)^0,w,c
   780   000662  E109               	bnz	u70
   781   000664  0E04               	movlw	4
   782   000666  5C06               	subwf	display@digit^0,w,c
   783   000668  A0D8               	btfss	status,0,c
   784   00066A  EF39  F003         	goto	u71
   785   00066E  EF3B  F003         	goto	u70
   786   000672                     u71:
   787   000672  EF04  F003         	goto	l854
   788   000676                     u70:
   789   000676  0012               	return		;funcret
   790   000678                     __end_of_display:
   791                           	callstack 0
   792                           
   793                           	psect	smallconst
   794   000600                     __psmallconst:
   795                           	callstack 0
   796   000600  00                 	db	0
   797   000601  00                 	db	0	; dummy byte at the end
   798   000600                     __smallconst    set	__psmallconst
   799   000600                     __mediumconst   set	__psmallconst
   800   000000                     __activetblptr  equ	0
   801                           
   802                           	psect	rparam
   803   000001                     ___rparam_used  equ	1
   804   000000                     ___param_bank   equ	0
   805   000000                     __Lparam        equ	__Lrparam
   806   000000                     __Hparam        equ	__Hrparam
   807                           tosu	equ	0xFFF
   808                           tosh	equ	0xFFE
   809                           tosl	equ	0xFFD
   810                           stkptr	equ	0xFFC
   811                           pclatu	equ	0xFFB
   812                           pclath	equ	0xFFA
   813                           pcl	equ	0xFF9
   814                           tblptru	equ	0xFF8
   815                           tblptrh	equ	0xFF7
   816                           tblptrl	equ	0xFF6
   817                           tablat	equ	0xFF5
   818                           prodh	equ	0xFF4
   819                           prodl	equ	0xFF3
   820                           indf0	equ	0xFEF
   821                           postinc0	equ	0xFEE
   822                           postdec0	equ	0xFED
   823                           preinc0	equ	0xFEC
   824                           plusw0	equ	0xFEB
   825                           fsr0h	equ	0xFEA
   826                           fsr0l	equ	0xFE9
   827                           wreg	equ	0xFE8
   828                           indf1	equ	0xFE7
   829                           postinc1	equ	0xFE6
   830                           postdec1	equ	0xFE5
   831                           preinc1	equ	0xFE4
   832                           plusw1	equ	0xFE3
   833                           fsr1h	equ	0xFE2
   834                           fsr1l	equ	0xFE1
   835                           bsr	equ	0xFE0
   836                           indf2	equ	0xFDF
   837                           postinc2	equ	0xFDE
   838                           postdec2	equ	0xFDD
   839                           preinc2	equ	0xFDC
   840                           plusw2	equ	0xFDB
   841                           fsr2h	equ	0xFDA
   842                           fsr2l	equ	0xFD9
   843                           status	equ	0xFD8

Data Sizes:
    Strings     0
    Constant    0
    Data        10
    BSS         0
    Persistent  0
    Stack       0

Auto Spaces:
    Space          Size  Autos    Used
    COMRAM           95     25      35
    BANK0           160      0       0
    BANK1           256      0       0
    BANK2           256      0       0
    BANK3           256      0       0
    BANK4           256      0       0
    BANK5           256      0       0

Pointer List with Targets:

    display@data	PTR unsigned char  size(1) Largest target is 4
		 -> main@ssd(COMRAM[4]), 


Critical Paths under _main in COMRAM

    _main->_display

Critical Paths under _main in BANK0

    None.

Critical Paths under _main in BANK1

    None.

Critical Paths under _main in BANK2

    None.

Critical Paths under _main in BANK3

    None.

Critical Paths under _main in BANK4

    None.

Critical Paths under _main in BANK5

    None.

Call Graph Tables:

 ---------------------------------------------------------------------------------
 (Depth) Function   	        Calls       Base Space   Used Autos Params    Refs
 ---------------------------------------------------------------------------------
 (0) _main                                                18    14      4     324
                                              7 COMRAM    18    14      4
                            _display
 ---------------------------------------------------------------------------------
 (1) _display                                              7     6      1     136
                                              0 COMRAM     7     6      1
 ---------------------------------------------------------------------------------
 Estimated maximum stack depth 1
 ---------------------------------------------------------------------------------

 Call Graph Graphs:

 _main (ROOT)
   _display

Address spaces:
Name               Size   Autos  Total    Usage
BIGRAM            1535      0       0      0.0%
BITBIGSFRl         640      0       0      0.0%
BITBANK5           256      0       0      0.0%
BANK5              256      0       0      0.0%
BITBANK4           256      0       0      0.0%
BANK4              256      0       0      0.0%
BITBANK3           256      0       0      0.0%
BANK3              256      0       0      0.0%
BITBANK2           256      0       0      0.0%
BANK2              256      0       0      0.0%
BITBANK1           256      0       0      0.0%
BANK1              256      0       0      0.0%
BITBANK0           160      0       0      0.0%
BANK0              160      0       0      0.0%
BITBIGSFRh         127      0       0      0.0%
BITCOMRAM           95      0       0      0.0%
COMRAM              95     25      35     36.8%
STACK                0      0       0      0.0%
DATA                 0      0      35      0.0%


Microchip Technology PIC18 Macro Assembler V3.10 build 20250813170317 
Symbol Table                                                                                   Wed Mar 11 11:41:04 2026

                     l16 0676                       u60 0656                       u61 0652  
                     u70 0676                       u54 0626                       u71 0672  
                     u55 0622                       u81 0682                      l860 063C  
                    l862 0656                      l854 0608                      l870 068C  
                    l864 065A                      l856 0614                      l848 0602  
                    l880 06A4                      l872 0692                      l858 0634  
                    l882 06A8                      l874 0698                      l866 0678  
                    l876 069C                      l868 068A                      l878 06A0  
                    wreg 0FE8              display@data 0001                     _main 0678  
                   fsr2h 0FDA                     indf2 0FDF                     fsr1l 0FE1  
                   fsr2l 0FD9                     start 2FFC             ___param_bank 0000  
                  ?_main 0008                    _PORTA 0F80                    _PORTD 0F83  
                  _TRISA 0F92                    _TRISD 0F95             display@delay 0004  
           display@digit 0006          __end_of_display 0678                    tablat 0FF5  
                  plusw1 0FE3                    plusw2 0FDB                    status 0FD8  
        __initialization 06B8             __end_of_main 06B8                   ??_main 000C  
          __activetblptr 0000                   isa$std 0001                ??_display 0002  
           __pdataCOMRAM 001A             __mediumconst 0600                   tblptrh 0FF7  
                 tblptrl 0FF6                   tblptru 0FF8               __accesstop 0060  
__end_of__initialization 06D8            ___rparam_used 0001           __pcstackCOMRAM 0001  
                __Hparam 0000                  __Lparam 0000             __psmallconst 0600  
                __pcinit 06B8                  __ramtop 0600                  __ptext0 0678  
                __ptext1 0602                  _display 0602                  main@ssd 0016  
   end_of_initialization 06D8                  postdec1 0FE5                  postinc0 0FEE  
             main@F10931 001A            __pidataCOMRAM 06DE      start_initialization 06B8  
               ?_display 0001              __smallconst 0600                main@digit 000C  
              copy_data0 06CC                 __Hrparam 0000                 __Lrparam 0000  
               isa$xinst 0000                 main@argc 0008                 main@argv 000A  
