Microchip MPLAB XC8 Compiler V3.10

Linker command line:

-W-3 \
  --edf=C:\Program Files\Microchip\xc8\v3.10\pic\dat\20250813170317_en.msgs \
  -cn -h+dist/default/production\car_black_box.X.production.sym \
  --cmf=dist/default/production\car_black_box.X.production.cmf -z -Q18F4580 \
  -oC:\Users\vasav\AppData\Local\Temp\xcAsd88.0\driver_tmp_3.o \
  --defsym=__MPLAB_BUILD=1 --fixupoverflow=error \
  -Mdist/default/production/car_black_box.X.production.map \
  --md=C:\Users\vasav\AppData\Local\Temp\xcAsd88.0\driver_tmp_0.dat -E1 \
  -ver=XC8 Compiler -ACODE=00h-03000h -ACONST=00h-03000h \
  -ASMALLCONST=0600h-06FFhx42,03000h-03000h -AMEDIUMCONST=0600h-03000h \
  -ACOMRAM=01h-05Fh -AABS1=00h-05FFh -ABIGRAM=01h-05FFh \
  -ARAM=060h-0FFh,0100h-01FFhx5 -ABANK0=060h-0FFh -ABANK1=0100h-01FFh \
  -ABANK2=0200h-02FFh -ABANK3=0300h-03FFh -ABANK4=0400h-04FFh \
  -ABANK5=0500h-05FFh -ASFR=0D00h-0DFFhx2,0F00h-0F5Fh,0F60h-0FFFh \
  -ABIGSFR=0D00h-0FFFh -ACONFIG=0300000h-030000Dh -AIDLOC=0200000h-0200007h \
  -AEEDATA=0F00000h-0F000FFh -peeprom_data=EEDATA \
  -preset_vec=00h,intcode=8h,intcodelo=18h,sivt_lo,sivt_hi=CODE \
  -ppowerup=CODE,init -pramtop=0600h -psmallconst=SMALLCONST \
  -pmediumconst=MEDIUMCONST -pconst=CONST -AFARRAM=00h-00h \
  -prdata=COMRAM,nvrram=COMRAM,nvbit=COMRAM,rbss=COMRAM,rbit=COMRAM \
  -pfarbss=FARRAM,fardata=FARRAM,nvFARRAM=FARRAM \
  -pintsave_regs=BIGRAM,bigbss=BIGRAM,bigdata=BIGRAM -pbss=RAM \
  -pidata=CODE,irdata=CODE,ibigdata=CODE,ifardata=CODE -prparam=COMRAM \
  C:\Users\vasav\AppData\Local\Temp\xcAsd88.0\driver_tmp_9.o \
  dist/default/production\car_black_box.X.production.o 

Object code version is 3.11

Machine type is 18F4580



                Name                               Link     Load   Length Selector   Space Scale
C:\Users\vasav\AppData\Local\Temp\xcAsd88.0\driver_tmp_9.o
                init                                  E        E        4        4       0
                reset_vec                             0        0        4        0       0
dist/default/production\car_black_box.X.production.o
                intcode                               8        8        6        4       0
                mediumconst                        2F2C     2F2C       D4     1796       0
                intcode_body                       1B14     1B14       5A        4       0
                text46                             1CD8     1CD8       3A        4       0
                text45                             18C4     18C4       6C        4       0
                text44                             1E44     1E44       12        4       0
                text43                             1EA8     1EA8        8        4       0
                text42                             1EA0     1EA0        8        4       0
                text41                             1E72     1E72        C        4       0
                text40                             1C98     1C98       40        4       0
                text39                             1998     1998       68        4       0
                text38                             10A0     10A0      10C        4       0
                text37                             1842     1842       82        4       0
                text36                              D14      D14      1D8        4       0
                text35                             1392     1392       C0        4       0
                text34                             15C4     15C4       AE        4       0
                text33                             17B4     17B4       8E        4       0
                text32                             1E08     1E08       16        4       0
                text31                             1A00     1A00       5E        4       0
                text30                             1E7E     1E7E        A        4       0
                text29                             1E98     1E98        8        4       0
                text28                             1E66     1E66        C        4       0
                text27                             1E90     1E90        8        4       0
                text26                             1D3C     1D3C       2A        4       0
                text25                              ACA      ACA      24A        4       0
                text24                             1DA4     1DA4       1C        4       0
                text23                             1672     1672       A6        4       0
                text22                             1D12     1D12       2A        4       0
                text21                             1D86     1D86       1E        4       0
                text20                             1BC6     1BC6       48        4       0
                text19                             1DF2     1DF2       16        4       0
                text18                             1E32     1E32       12        4       0
                text17                             1E1E     1E1E       14        4       0
                text16                             1DC0     1DC0       1A        4       0
                text15                             1D66     1D66       20        4       0
                text14                             1DDA     1DDA       18        4       0
                text13                               12       12      448        4       0
                text12                             1E56     1E56       10        4       0
                text11                             1A5E     1A5E       5C        4       0
                text10                              45A      45A      38E        4       0
                text9                              11AC     11AC      106        4       0
                text8                               EEC      EEC      1B4        4       0
                text7                              1C0E     1C0E       46        4       0
                text6                              150C     150C       B8        4       0
                text5                              1930     1930       68        4       0
                text4                              1C54     1C54       44        4       0
                text3                              1718     1718       9C        4       0
                text2                              12B2     12B2       E0        4       0
                text1                               7E8      7E8      2E2        4       0
                text0                              1452     1452       BA        4       0
                cstackCOMRAM                          2        2       3E        2       1
                dataBANK0                            60       60       58       60       1
                dataCOMRAM                           52       52        8        2       1
                bssCOMRAM                            40       40       12        2       1
                cinit                              1ABA     1ABA       5A        4       0
                idataBANK0                         1B6E     1B6E       58        4       0
                idataCOMRAM                        1E88     1E88        8        4       0

TOTAL           Name                               Link     Load   Length     Space
        CLASS   CODE           
                intcode                               8        8        6         0
                init                                  E        E        4         0
                reset_vec                             0        0        4         0
                intcode_body                       1B14     1B14       5A         0
                text46                             1CD8     1CD8       3A         0
                text45                             18C4     18C4       6C         0
                text44                             1E44     1E44       12         0
                text43                             1EA8     1EA8        8         0
                text42                             1EA0     1EA0        8         0
                text41                             1E72     1E72        C         0
                text40                             1C98     1C98       40         0
                text39                             1998     1998       68         0
                text38                             10A0     10A0      10C         0
                text37                             1842     1842       82         0
                text36                              D14      D14      1D8         0
                text35                             1392     1392       C0         0
                text34                             15C4     15C4       AE         0
                text33                             17B4     17B4       8E         0
                text32                             1E08     1E08       16         0
                text31                             1A00     1A00       5E         0
                text30                             1E7E     1E7E        A         0
                text29                             1E98     1E98        8         0
                text28                             1E66     1E66        C         0
                text27                             1E90     1E90        8         0
                text26                             1D3C     1D3C       2A         0
                text25                              ACA      ACA      24A         0
                text24                             1DA4     1DA4       1C         0
                text23                             1672     1672       A6         0
                text22                             1D12     1D12       2A         0
                text21                             1D86     1D86       1E         0
                text20                             1BC6     1BC6       48         0
                text19                             1DF2     1DF2       16         0
                text18                             1E32     1E32       12         0
                text17                             1E1E     1E1E       14         0
                text16                             1DC0     1DC0       1A         0
                text15                             1D66     1D66       20         0
                text14                             1DDA     1DDA       18         0
                text13                               12       12      448         0
                text12                             1E56     1E56       10         0
                text11                             1A5E     1A5E       5C         0
                text10                              45A      45A      38E         0
                text9                              11AC     11AC      106         0
                text8                               EEC      EEC      1B4         0
                text7                              1C0E     1C0E       46         0
                text6                              150C     150C       B8         0
                text5                              1930     1930       68         0
                text4                              1C54     1C54       44         0
                text3                              1718     1718       9C         0
                text2                              12B2     12B2       E0         0
                text1                               7E8      7E8      2E2         0
                text0                              1452     1452       BA         0
                cinit                              1ABA     1ABA       5A         0
                idataBANK0                         1B6E     1B6E       58         0
                idataCOMRAM                        1E88     1E88        8         0

        CLASS   CONST          

        CLASS   SMALLCONST     

        CLASS   MEDIUMCONST    
                mediumconst                        2F2C     2F2C       D4         0

        CLASS   COMRAM         
                cstackCOMRAM                          2        2       3E         1
                dataCOMRAM                           52       52        8         1
                bssCOMRAM                            40       40       12         1

        CLASS   ABS1           
                abs_s1                                1        1        1         1

        CLASS   BIGRAM         

        CLASS   RAM            

        CLASS   BANK0          
                dataBANK0                            60       60       58         1

        CLASS   BANK1          

        CLASS   BANK2          

        CLASS   BANK3          

        CLASS   BANK4          

        CLASS   BANK5          

        CLASS   SFR            

        CLASS   BIGSFR         

        CLASS   CONFIG         

        CLASS   IDLOC          

        CLASS   EEDATA         

        CLASS   FARRAM         

        CLASS   HEAP           

        CLASS   STACK          



SEGMENTS        Name                           Load    Length   Top    Selector   Space  Class

                reset_vec                      000000  000004  000004         0       0  CODE    
                cstackCOMRAM                   000002  000058  00005A         2       1  COMRAM  
                intcode                        000008  001EA8  001EB0         4       0  CODE    
                dataBANK0                      000060  000058  0000B8        60       1  BANK0   
                mediumconst                    002F2C  0000D4  003000      1796       0  MEDIUMCO


UNUSED ADDRESS RANGES

        Name                Unused          Largest block    Delta
        BANK0            00B8-00FF             48
        BANK1            0100-01FF            100
        BANK2            0200-02FF            100
        BANK3            0300-03FF            100
        BANK4            0400-04FF            100
        BANK5            0500-05FF            100
        BIGRAM           005A-005F              6
                         00B8-05FF            548
        BIGSFR           0D00-0FFF            300
        CODE             0004-0007              4
                         1EB0-2F2B           107C
                         3000-3000              1
        COMRAM           005A-005F              6
        CONFIG           300000-30000D              E
        CONST            0004-0007              4
                         1EB0-2F2B           107C
                         3000-3000              1
        EEDATA           F00000-F000FF            100
        IDLOC            200000-200007              8
        MEDIUMCONST      1EB0-2F2B           107C
                         3000-3000              1
        RAM              00B8-05FF            100
        SFR              0D00-0FFF            100
        SMALLCONST       1EB0-2F2B            100
                         3000-3000              1

                                  Symbol Table

?___awdiv                        cstackCOMRAM 0002
?___awmod                        cstackCOMRAM 000A
?___fldiv                        cstackCOMRAM 0010
?___fltol                        cstackCOMRAM 0029
?___xxtofl                       cstackCOMRAM 0002
?_read_adc                       cstackCOMRAM 0002
_ABDEN                           (abs)        7DC0
_ACKDT                           (abs)        7E2D
_ACKEN                           (abs)        7E2C
_ACQT0                           (abs)        7E03
_ACQT1                           (abs)        7E04
_ACQT2                           (abs)        7E05
_ADCON0                          (abs)        0FC2
_ADCON1                          (abs)        0FC1
_ADCS0                           (abs)        7E00
_ADCS1                           (abs)        7E01
_ADCS2                           (abs)        7E02
_ADFM                            (abs)        7E07
_ADON                            (abs)        7E10
_ADRESH                          (abs)        0FC4
_ADRESL                          (abs)        0FC3
_BCLIF                           (abs)        7D0B
_BRG16                           (abs)        7DC3
_BRGH                            (abs)        7D62
_CKE                             (abs)        7E3E
_CREN                            (abs)        7D5C
_GO                              (abs)        7E11
_GODONE                          (abs)        7E11
_PEN                             (abs)        7E2A
_PORTB                           (abs)        0F81
_PORTBbits                       (abs)        0F81
_PORTD                           (abs)        0F83
_PSA                             (abs)        7EAB
_RBPU                            (abs)        7F8F
_RC0                             (abs)        7C10
_RC1                             (abs)        7C11
_RC2                             (abs)        7C12
_RCEN                            (abs)        7E2B
_RCIF                            (abs)        7CF5
_RCREG                           (abs)        0FAE
_RD7                             (abs)        7C1F
_RSEN                            (abs)        7E29
_SEN                             (abs)        7E28
_SMP                             (abs)        7E3F
_SPBRG                           (abs)        0FAF
_SPEN                            (abs)        7D5F
_SSPADD                          (abs)        0FC8
_SSPBUF                          (abs)        0FC9
_SSPCON1                         (abs)        0FC6
_SSPIF                           (abs)        7CF3
_SYNC                            (abs)        7D64
_T08BIT                          (abs)        7EAE
_T0CS                            (abs)        7EAD
_TMR0                            (abs)        0FD6
_TMR0IE                          (abs)        7F95
_TMR0IF                          (abs)        7F92
_TMR0ON                          (abs)        7EAF
_TRISB                           (abs)        0F93
_TRISC                           (abs)        0F94
_TRISC3                          (abs)        7CA3
_TRISC4                          (abs)        7CA4
_TRISC6                          (abs)        7CA6
_TRISC7                          (abs)        7CA7
_TRISD                           (abs)        0F95
_TXEN                            (abs)        7D65
_TXIF                            (abs)        7CF4
_TXREG                           (abs)        0FAD
_VCFG0                           (abs)        7E0C
_VCFG1                           (abs)        7E0D
_WUE                             (abs)        7DC1
__HRAM                           (abs)        0000
__H__absolute__                  __absolute__ 0000
__Habs1                          abs1         0000
__Hbank0                         bank0        0000
__Hbank1                         bank1        0000
__Hbank2                         bank2        0000
__Hbank3                         bank3        0000
__Hbank4                         bank4        0000
__Hbank5                         bank5        0000
__Hbigbss                        bigbss       0000
__Hbigdata                       bigdata      0000
__Hbigram                        bigram       0000
__Hbigsfr                        bigsfr       0000
__Hbss                           bss          0000
__HbssCOMRAM                     bssCOMRAM    0000
__Hcinit                         cinit        0000
__Hclrtext                       clrtext      0000
__Hcomram                        comram       0000
__Hconfig                        config       0000
__Hconst                         const        0000
__HcstackCOMRAM                  cstackCOMRAM 0000
__Hdata                          data         0000
__HdataBANK0                     dataBANK0    0000
__HdataCOMRAM                    dataCOMRAM   0000
__Heeprom_data                   eeprom_data  0000
__Hfarbss                        farbss       0000
__Hfardata                       fardata      0000
__Hheap                          heap         0000
__Hibigdata                      ibigdata     0000
__Hidata                         idata        0000
__HidataBANK0                    idataBANK0   0000
__HidataCOMRAM                   idataCOMRAM  0000
__Hidloc                         idloc        0000
__Hifardata                      ifardata     0000
__Hinit                          init         0012
__Hintcode                       intcode      000E
__Hintcode_body                  intcode_body 0000
__Hintcodelo                     intcodelo    0018
__Hintentry                      intentry     0000
__Hintret                        intret       0000
__Hintsave_regs                  intsave_regs 0000
__Hirdata                        irdata       0000
__Hmediumconst                   mediumconst  3000
__HnvFARRAM                      nvFARRAM     0000
__Hnvbit                         nvbit        0000
__Hnvrram                        nvrram       0000
__Hparam                         rparam       0000
__Hpowerup                       powerup      0000
__Hram                           ram          0000
__Hramtop                        ramtop       0600
__Hrbit                          rbit         0000
__Hrbss                          rbss         0000
__Hrdata                         rdata        0000
__Hreset_vec                     reset_vec    0004
__Hrparam                        rparam       0000
__Hsfr                           sfr          0000
__Hsivt_hi                       sivt_hi      0000
__Hsivt_lo                       sivt_lo      0018
__Hsmallconst                    smallconst   0000
__Hspace_0                       (abs)        3000
__Hspace_1                       (abs)        00B8
__Hspace_2                       (abs)        0000
__Hspace_4                       (abs)        0000
__Hstack                         stack        0000
__Hstruct                        struct       0000
__Htemp                          temp         0000
__Htext                          text         0000
__Htext0                         text0        0000
__Htext1                         text1        0000
__Htext10                        text10       0000
__Htext11                        text11       0000
__Htext12                        text12       0000
__Htext13                        text13       0000
__Htext14                        text14       0000
__Htext15                        text15       0000
__Htext16                        text16       0000
__Htext17                        text17       0000
__Htext18                        text18       0000
__Htext19                        text19       0000
__Htext2                         text2        0000
__Htext20                        text20       0000
__Htext21                        text21       0000
__Htext22                        text22       0000
__Htext23                        text23       0000
__Htext24                        text24       0000
__Htext25                        text25       0000
__Htext26                        text26       0000
__Htext27                        text27       0000
__Htext28                        text28       0000
__Htext29                        text29       0000
__Htext3                         text3        0000
__Htext30                        text30       0000
__Htext31                        text31       0000
__Htext32                        text32       0000
__Htext33                        text33       0000
__Htext34                        text34       0000
__Htext35                        text35       0000
__Htext36                        text36       0000
__Htext37                        text37       0000
__Htext38                        text38       0000
__Htext39                        text39       0000
__Htext4                         text4        0000
__Htext40                        text40       0000
__Htext41                        text41       0000
__Htext42                        text42       0000
__Htext43                        text43       0000
__Htext44                        text44       0000
__Htext45                        text45       0000
__Htext46                        text46       0000
__Htext5                         text5        0000
__Htext6                         text6        0000
__Htext7                         text7        0000
__Htext8                         text8        0000
__Htext9                         text9        0000
__LRAM                           (abs)        0001
__L__absolute__                  __absolute__ 0000
__Labs1                          abs1         0000
__Lbank0                         bank0        0000
__Lbank1                         bank1        0000
__Lbank2                         bank2        0000
__Lbank3                         bank3        0000
__Lbank4                         bank4        0000
__Lbank5                         bank5        0000
__Lbigbss                        bigbss       0000
__Lbigdata                       bigdata      0000
__Lbigram                        bigram       0000
__Lbigsfr                        bigsfr       0000
__Lbss                           bss          0000
__LbssCOMRAM                     bssCOMRAM    0000
__Lcinit                         cinit        0000
__Lclrtext                       clrtext      0000
__Lcomram                        comram       0000
__Lconfig                        config       0000
__Lconst                         const        0000
__LcstackCOMRAM                  cstackCOMRAM 0000
__Ldata                          data         0000
__LdataBANK0                     dataBANK0    0000
__LdataCOMRAM                    dataCOMRAM   0000
__Leeprom_data                   eeprom_data  0000
__Lfarbss                        farbss       0000
__Lfardata                       fardata      0000
__Lheap                          heap         0000
__Libigdata                      ibigdata     0000
__Lidata                         idata        0000
__LidataBANK0                    idataBANK0   0000
__LidataCOMRAM                   idataCOMRAM  0000
__Lidloc                         idloc        0000
__Lifardata                      ifardata     0000
__Linit                          init         000E
__Lintcode                       intcode      0008
__Lintcode_body                  intcode_body 0000
__Lintcodelo                     intcodelo    0018
__Lintentry                      intentry     0000
__Lintret                        intret       0000
__Lintsave_regs                  intsave_regs 0000
__Lirdata                        irdata       0000
__Lmediumconst                   mediumconst  2F2C
__LnvFARRAM                      nvFARRAM     0000
__Lnvbit                         nvbit        0000
__Lnvrram                        nvrram       0000
__Lparam                         rparam       0000
__Lpowerup                       powerup      0000
__Lram                           ram          0000
__Lramtop                        ramtop       0600
__Lrbit                          rbit         0000
__Lrbss                          rbss         0000
__Lrdata                         rdata        0000
__Lreset_vec                     reset_vec    0000
__Lrparam                        rparam       0000
__Lsfr                           sfr          0000
__Lsivt_hi                       sivt_hi      0000
__Lsivt_lo                       sivt_lo      0018
__Lsmallconst                    smallconst   0000
__Lspace_0                       (abs)        0000
__Lspace_1                       (abs)        0000
__Lspace_2                       (abs)        0000
__Lspace_4                       (abs)        0000
__Lstack                         stack        0000
__Lstruct                        struct       0000
__Ltemp                          temp         0000
__Ltext                          text         0000
__Ltext0                         text0        0000
__Ltext1                         text1        0000
__Ltext10                        text10       0000
__Ltext11                        text11       0000
__Ltext12                        text12       0000
__Ltext13                        text13       0000
__Ltext14                        text14       0000
__Ltext15                        text15       0000
__Ltext16                        text16       0000
__Ltext17                        text17       0000
__Ltext18                        text18       0000
__Ltext19                        text19       0000
__Ltext2                         text2        0000
__Ltext20                        text20       0000
__Ltext21                        text21       0000
__Ltext22                        text22       0000
__Ltext23                        text23       0000
__Ltext24                        text24       0000
__Ltext25                        text25       0000
__Ltext26                        text26       0000
__Ltext27                        text27       0000
__Ltext28                        text28       0000
__Ltext29                        text29       0000
__Ltext3                         text3        0000
__Ltext30                        text30       0000
__Ltext31                        text31       0000
__Ltext32                        text32       0000
__Ltext33                        text33       0000
__Ltext34                        text34       0000
__Ltext35                        text35       0000
__Ltext36                        text36       0000
__Ltext37                        text37       0000
__Ltext38                        text38       0000
__Ltext39                        text39       0000
__Ltext4                         text4        0000
__Ltext40                        text40       0000
__Ltext41                        text41       0000
__Ltext42                        text42       0000
__Ltext43                        text43       0000
__Ltext44                        text44       0000
__Ltext45                        text45       0000
__Ltext46                        text46       0000
__Ltext5                         text5        0000
__Ltext6                         text6        0000
__Ltext7                         text7        0000
__Ltext8                         text8        0000
__Ltext9                         text9        0000
__S0                             (abs)        3000
__S1                             (abs)        00B8
__S4                             (abs)        0000
__S5                             (abs)        0000
___awdiv                         text35       1392
___awdiv@counter                 cstackCOMRAM 0006
___awdiv@dividend                cstackCOMRAM 0002
___awdiv@divisor                 cstackCOMRAM 0004
___awdiv@quotient                cstackCOMRAM 0008
___awdiv@sign                    cstackCOMRAM 0007
___awmod                         text34       15C4
___awmod@counter                 cstackCOMRAM 000E
___awmod@dividend                cstackCOMRAM 000A
___awmod@divisor                 cstackCOMRAM 000C
___awmod@sign                    cstackCOMRAM 000F
___fldiv                         text10       045A
___fldiv@a                       cstackCOMRAM 0014
___fldiv@aexp                    cstackCOMRAM 0028
___fldiv@b                       cstackCOMRAM 0010
___fldiv@bexp                    cstackCOMRAM 0027
___fldiv@grs                     cstackCOMRAM 0023
___fldiv@new_exp                 cstackCOMRAM 0021
___fldiv@rem                     cstackCOMRAM 001C
___fldiv@sign                    cstackCOMRAM 0020
___fltol                         text9        11AC
___fltol@exp1                    cstackCOMRAM 0032
___fltol@f1                      cstackCOMRAM 0029
___fltol@sign1                   cstackCOMRAM 0031
___heap_hi                       (abs)        0000
___heap_lo                       (abs)        0000
___inthi_sp                      stack        0000
___inthi_stack_hi                stack        0000
___inthi_stack_lo                stack        0000
___intlo_sp                      stack        0000
___intlo_stack_hi                stack        0000
___intlo_stack_lo                stack        0000
___param_bank                    (abs)        0000
___rparam_used                   (abs)        0001
___sp                            stack        0000
___stack_hi                      stack        0000
___stack_lo                      stack        0000
___xxtofl                        text8        0EEC
___xxtofl@arg                    cstackCOMRAM 000C
___xxtofl@exp                    cstackCOMRAM 000B
___xxtofl@sign                   cstackCOMRAM 000A
___xxtofl@val                    cstackCOMRAM 0002
__accesstop                      (abs)        0060
__activetblptr                   (abs)        0002
__end_of___awdiv                 text35       1452
__end_of___awmod                 text34       1672
__end_of___fldiv                 text10       07E8
__end_of___fltol                 text9        12B2
__end_of___xxtofl                text8        10A0
__end_of__initialization         cinit        1B06
__end_of_clcd_print              text45       1930
__end_of_clcd_putch              text14       1DF2
__end_of_clcd_write              text46       1D12
__end_of_clear_log               text39       1A00
__end_of_convert_speed_to_string text33       1842
__end_of_display_labels          text12       1E66
__end_of_display_main_menu       text36       0EEC
__end_of_download_log            text25       0D14
__end_of_i2c_idle                text44       1E56
__end_of_i2c_no_ack              text30       1E88
__end_of_i2c_read                text28       1E72
__end_of_i2c_rep_start           text27       1E98
__end_of_i2c_rx_mode             text29       1EA0
__end_of_i2c_start               text43       1EB0
__end_of_i2c_stop                text42       1EA8
__end_of_i2c_write               text41       1E7E
__end_of_init_adc                text24       1DC0
__end_of_init_clcd               text23       1718
__end_of_init_config             text15       1D86
__end_of_init_ds1307             text20       1C0E
__end_of_init_i2c                text19       1E08
__end_of_init_matrix_keypad      text18       1E44
__end_of_init_timer0             text17       1E32
__end_of_init_uart               text16       1DDA
__end_of_isr                     intcode_body 1B6E
__end_of_main                    text0        150C
__end_of_put_char                text32       1E1E
__end_of_put_str                 text31       1A5E
__end_of_read_adc                text7        1C54
__end_of_read_ds1307             text22       1D3C
__end_of_read_external_eeprom    text26       1D66
__end_of_read_real_time_clock    text11       1ABA
__end_of_read_speed_adc          text6        15C4
__end_of_read_switches           text37       18C4
__end_of_save_log                text5        1998
__end_of_scan_key                text38       11AC
__end_of_set_time                text13       045A
__end_of_show_collision          text4        1C98
__end_of_update_time             text3        17B4
__end_of_view_dashboard          text2        1392
__end_of_view_log                text1        0ACA
__end_of_write_ds1307            text21       1DA4
__end_of_write_external_eeprom   text40       1CD8
__initialization                 cinit        1ABA
__mediumconst                    mediumconst  2F2C
__pbssCOMRAM                     bssCOMRAM    0040
__pcinit                         cinit        1ABA
__pcstackCOMRAM                  cstackCOMRAM 0002
__pdataBANK0                     dataBANK0    0060
__pdataCOMRAM                    dataCOMRAM   0052
__pidataBANK0                    idataBANK0   1B6E
__pidataCOMRAM                   idataCOMRAM  1E88
__pintcode                       intcode      0008
__pintcode_body                  intcode_body 1B14
__pmediumconst                   mediumconst  2F2C
__ptext0                         text0        1452
__ptext1                         text1        07E8
__ptext10                        text10       045A
__ptext11                        text11       1A5E
__ptext12                        text12       1E56
__ptext13                        text13       0012
__ptext14                        text14       1DDA
__ptext15                        text15       1D66
__ptext16                        text16       1DC0
__ptext17                        text17       1E1E
__ptext18                        text18       1E32
__ptext19                        text19       1DF2
__ptext2                         text2        12B2
__ptext20                        text20       1BC6
__ptext21                        text21       1D86
__ptext22                        text22       1D12
__ptext23                        text23       1672
__ptext24                        text24       1DA4
__ptext25                        text25       0ACA
__ptext26                        text26       1D3C
__ptext27                        text27       1E90
__ptext28                        text28       1E66
__ptext29                        text29       1E98
__ptext3                         text3        1718
__ptext30                        text30       1E7E
__ptext31                        text31       1A00
__ptext32                        text32       1E08
__ptext33                        text33       17B4
__ptext34                        text34       15C4
__ptext35                        text35       1392
__ptext36                        text36       0D14
__ptext37                        text37       1842
__ptext38                        text38       10A0
__ptext39                        text39       1998
__ptext4                         text4        1C54
__ptext40                        text40       1C98
__ptext41                        text41       1E72
__ptext42                        text42       1EA0
__ptext43                        text43       1EA8
__ptext44                        text44       1E44
__ptext45                        text45       18C4
__ptext46                        text46       1CD8
__ptext5                         text5        1930
__ptext6                         text6        150C
__ptext7                         text7        1C0E
__ptext8                         text8        0EEC
__ptext9                         text9        11AC
__ramtop                         ramtop       0600
__smallconst                     mediumconst  2F2C
_clcd_print                      text45       18C4
_clcd_putch                      text14       1DDA
_clcd_write                      text46       1CD8
_clear_log                       text39       1998
_convert_speed_to_string         text33       17B4
_display_labels                  text12       1E56
_display_main_menu               text36       0D14
_download_log                    text25       0ACA
_gear                            bssCOMRAM    004E
_gear_display                    dataBANK0    0088
_hours                           bssCOMRAM    004C
_i2c_idle                        text44       1E44
_i2c_no_ack                      text30       1E7E
_i2c_read                        text28       1E66
_i2c_rep_start                   text27       1E90
_i2c_rx_mode                     text29       1E98
_i2c_start                       text43       1EA8
_i2c_stop                        text42       1EA0
_i2c_write                       text41       1E72
_init_adc                        text24       1DA4
_init_clcd                       text23       1672
_init_config                     text15       1D66
_init_ds1307                     text20       1BC6
_init_i2c                        text19       1DF2
_init_matrix_keypad              text18       1E32
_init_timer0                     text17       1E1E
_init_uart                       text16       1DC0
_isr                             intcode      0008
_line1                           dataBANK0    009E
_main                            text0        1452
_minutes                         bssCOMRAM    004B
_put_char                        text32       1E08
_put_str                         text31       1A00
_read_adc                        text7        1C0E
_read_ds1307                     text22       1D12
_read_external_eeprom            text26       1D3C
_read_real_time_clock            text11       1A5E
_read_speed_adc                  text6        150C
_read_switches                   text37       1842
_save_log                        text5        1930
_scan_key                        text38       10A0
_seconds                         bssCOMRAM    004A
_set_time                        text13       0012
_show_collision                  text4        1C54
_speed                           dataCOMRAM   0056
_speed_val                       bssCOMRAM    004D
_state                           bssCOMRAM    0051
_time                            dataBANK0    00AF
_timer_count                     bssCOMRAM    0040
_update_time                     text3        1718
_view_dashboard                  text2        12B2
_view_log                        text1        07E8
_write_ds1307                    text21       1D86
_write_external_eeprom           text40       1C98
_write_flag                      bssCOMRAM    004F
_write_index                     bssCOMRAM    0050
btemp                            (abs)        0001
btemp0                           (abs)        0001
btemp1                           (abs)        0002
clcd_print@addr                  cstackCOMRAM 0006
clcd_print@data                  cstackCOMRAM 0004
clcd_putch@addr                  cstackCOMRAM 0010
clcd_putch@data                  cstackCOMRAM 0011
clcd_write@bit_values            cstackCOMRAM 0003
clcd_write@control_bit           cstackCOMRAM 0002
convert_speed_to_string@spd      cstackCOMRAM 0011
convert_speed_to_string@speed    cstackCOMRAM 0010
display_main_menu@F10667         dataBANK0    0096
display_main_menu@cursor         bssCOMRAM    0048
display_main_menu@key            cstackCOMRAM 0010
display_main_menu@menu           cstackCOMRAM 0008
display_main_menu@menu_index     bssCOMRAM    0049
display_main_menu@selected       bssCOMRAM    0047
download_log@F10697              dataBANK0    0060
download_log@count               cstackCOMRAM 0034
download_log@gr                  cstackCOMRAM 003A
download_log@hr                  cstackCOMRAM 0037
download_log@i                   cstackCOMRAM 0035
download_log@mn                  cstackCOMRAM 0038
download_log@read_index          cstackCOMRAM 003B
download_log@sc                  cstackCOMRAM 0039
download_log@serial_no           cstackCOMRAM 0012
download_log@spd                 cstackCOMRAM 0033
download_log@spd_str             cstackCOMRAM 0026
download_log@time_str            cstackCOMRAM 002A
end_of_initialization            cinit        1B06
i2c_write@data                   cstackCOMRAM 0002
init_ds1307@dummy                cstackCOMRAM 0005
int$flags                        (abs)        0001
int_func                         intcode_body 1B14
intlevel0                        text         0000
intlevel1                        text         0000
intlevel2                        text         0000
intlevel3                        text         0000
isa$std                          (abs)        0001
isa$xinst                        (abs)        0000
put_char@ch                      cstackCOMRAM 0002
put_str@data                     cstackCOMRAM 0003
read_adc@channel                 cstackCOMRAM 0008
read_adc@reg_val                 cstackCOMRAM 0006
read_ds1307@address              cstackCOMRAM 0003
read_ds1307@data                 cstackCOMRAM 0004
read_external_eeprom@address     cstackCOMRAM 0003
read_external_eeprom@data        cstackCOMRAM 0004
read_real_time_clock@raw_hr      cstackCOMRAM 0008
read_real_time_clock@raw_min     cstackCOMRAM 0007
read_real_time_clock@raw_sec     cstackCOMRAM 0006
read_speed_adc@adc_val           cstackCOMRAM 0034
read_speed_adc@spd               cstackCOMRAM 0033
read_switches@detection_type     cstackCOMRAM 0003
read_switches@key                bssCOMRAM    0044
read_switches@once               dataCOMRAM   0055
set_time@bcd_hr                  cstackCOMRAM 001A
set_time@bcd_min                 cstackCOMRAM 001B
set_time@bcd_sec                 cstackCOMRAM 001C
set_time@blink_flag              cstackCOMRAM 001E
set_time@delay                   cstackCOMRAM 0016
set_time@field                   cstackCOMRAM 0022
set_time@hr                      cstackCOMRAM 001F
set_time@key                     cstackCOMRAM 001D
set_time@min                     cstackCOMRAM 0020
set_time@sec                     cstackCOMRAM 0021
show_collision@key               cstackCOMRAM 0007
stackhi                          (abs)        0000
stacklo                          (abs)        0000
start                            init         000E
start_initialization             cinit        1ABA
view_dashboard@key               cstackCOMRAM 0036
view_log@F10681                  dataBANK0    0074
view_log@gr                      cstackCOMRAM 003D
view_log@hr                      cstackCOMRAM 0039
view_log@key                     cstackCOMRAM 003C
view_log@log_count               bssCOMRAM    0045
view_log@mn                      cstackCOMRAM 003A
view_log@read_index              bssCOMRAM    0046
view_log@sc                      cstackCOMRAM 003B
view_log@serial_no               cstackCOMRAM 0017
view_log@spd                     cstackCOMRAM 0038
view_log@spd_str                 cstackCOMRAM 002B
view_log@time_str                cstackCOMRAM 002F
write_ds1307@address             cstackCOMRAM 0004
write_ds1307@data                cstackCOMRAM 0003
write_external_eeprom@address    cstackCOMRAM 0006
write_external_eeprom@data       cstackCOMRAM 0003
write_external_eeprom@wait       cstackCOMRAM 0004


MODULE INFORMATION

Module		Function		Class		Link	Load	Size
C:\Program Files\Microchip\xc8\v3.10\pic\sources\c99\common\awmod.c
		___awmod       		CODE           	15C4	0000	174

C:\Program Files\Microchip\xc8\v3.10\pic\sources\c99\common\awmod.c estimated size: 174

matrix_keypad.c
		_init_matrix_keypad		CODE           	1E32	0000	18
		_read_switches 		CODE           	1842	0000	130
		_scan_key      		CODE           	10A0	0000	268

matrix_keypad.c estimated size: 416

uart.c
		_put_str       		CODE           	1A00	0000	94
		_init_uart     		CODE           	1DC0	0000	26
		_put_char      		CODE           	1E08	0000	22

uart.c estimated size: 142

timer.c
		_init_timer0   		CODE           	1E1E	0000	20
		_isr           		CODE           	0008	0000	96

timer.c estimated size: 116

i2c.c
		_i2c_start     		CODE           	1EA8	0000	8
		_i2c_no_ack    		CODE           	1E7E	0000	10
		_i2c_rep_start 		CODE           	1E90	0000	8
		_i2c_idle      		CODE           	1E44	0000	18
		_i2c_write     		CODE           	1E72	0000	12
		_i2c_stop      		CODE           	1EA0	0000	8
		_i2c_read      		CODE           	1E66	0000	12
		_init_i2c      		CODE           	1DF2	0000	22
		_i2c_rx_mode   		CODE           	1E98	0000	8

i2c.c estimated size: 106

dashboard.c
		_convert_speed_to_string		CODE           	17B4	0000	142
		_save_log      		CODE           	1930	0000	104
		_read_real_time_clock		CODE           	1A5E	0000	92
		_read_speed_adc		CODE           	150C	0000	184
		_display_labels		CODE           	1E56	0000	16
		_update_time   		CODE           	1718	0000	156
		_show_collision		CODE           	1C54	0000	68
		_view_dashboard		CODE           	12B2	0000	224

dashboard.c estimated size: 986

ds1307.c
		_read_ds1307   		CODE           	1D12	0000	42
		_write_ds1307  		CODE           	1D86	0000	30
		_init_ds1307   		CODE           	1BC6	0000	72

ds1307.c estimated size: 144

C:\Program Files\Microchip\xc8\v3.10\pic\sources\c99\common\awdiv.c
		___awdiv       		CODE           	1392	0000	192

C:\Program Files\Microchip\xc8\v3.10\pic\sources\c99\common\awdiv.c estimated size: 192

adc.c
		_init_adc      		CODE           	1DA4	0000	28
		_read_adc      		CODE           	1C0E	0000	70

adc.c estimated size: 98

C:\Program Files\Microchip\xc8\v3.10\pic\sources\c99\common\fltol.c
		___fltol       		CODE           	11AC	0000	262

C:\Program Files\Microchip\xc8\v3.10\pic\sources\c99\common\fltol.c estimated size: 262

C:\Program Files\Microchip\xc8\v3.10\pic\sources\c99\common\xxtofl.c
		___xxtofl      		CODE           	0EEC	0000	436

C:\Program Files\Microchip\xc8\v3.10\pic\sources\c99\common\xxtofl.c estimated size: 436

C:\Program Files\Microchip\xc8\v3.10\pic\sources\c99\common\sprcdiv.c
		___fldiv       		CODE           	045A	0000	910

C:\Program Files\Microchip\xc8\v3.10\pic\sources\c99\common\sprcdiv.c estimated size: 910

external_eeprom.c
		_write_external_eeprom		CODE           	1C98	0000	64
		_read_external_eeprom		CODE           	1D3C	0000	42

external_eeprom.c estimated size: 106

shared
		__initialization		CODE           	1ABA	0000	76

shared estimated size: 76

clcd.c
		_clcd_write    		CODE           	1CD8	0000	58
		_clcd_print    		CODE           	18C4	0000	108
		_clcd_putch    		CODE           	1DDA	0000	24
		_init_clcd     		CODE           	1672	0000	166

clcd.c estimated size: 356

menu.c
		_view_log      		CODE           	07E8	0000	738
		_display_main_menu		CODE           	0D14	0000	472
		_download_log  		CODE           	0ACA	0000	586
		_set_time      		CODE           	0012	0000	1096
		_clear_log     		CODE           	1998	0000	104

menu.c estimated size: 2996

main.c
		_main          		CODE           	1452	0000	186
		_init_config   		CODE           	1D66	0000	32

main.c estimated size: 218

